Total                        3.75        68519.73        68523.48
Total                        3.75       115345.18       115348.94
Total                        3.79         8995.68         8999.47
Total                        3.79        59861.91        59865.69
Total                        3.79        95946.57        95950.35
Total                        4.70        78342.23        78346.93
Total                        3.68        47291.63        47295.31
Total                        3.68       101056.82       101060.50
Total                        4.62       101466.87       101471.48
Total                        3.60        34977.17        34980.77
Total                        3.60        84555.67        84559.27
Total                        3.60        99938.61        99942.20
Total                        4.65        92803.09        92807.74
Total                        3.78        34224.65        34228.43
Total                        3.78        82501.25        82505.03
Total                        3.78       114693.16       114696.94
Total                        3.77          421.82          425.60
Total                        3.77        45231.75        45235.52
Total                        3.77        95666.61        95670.39
Total                        4.84        33457.68        33462.51
Total                        3.75        56002.55        56006.30
Total                        3.75        97405.24        97408.98
Total                        3.75       114846.86       114850.60
Total                        3.79        10729.82        10733.61
Total                        3.79        61841.56        61845.35
Total                        3.79       115541.57       115545.36
Total                        3.78          414.86          418.64
Total                        3.78        66575.29        66579.07
Total                        3.78       112187.03       112190.80
Total                        5.07         7104.00         7109.08
Total                        3.64        57137.25        57140.90
Total                        3.64       110189.88       110193.53
Total                        3.78         1043.99         1047.77
Total                        3.78        73648.32        73652.09
Total                        3.78       115051.38       115055.16
Total                        3.62          578.97          582.59
Total                        3.62        68160.11        68163.73
Total                        3.62       114390.54       114394.16
Total                        3.62         5803.81         5807.43
Total                        3.62        75532.09        75535.72
Total                        4.79       114041.76       114046.54
