rep2-none Total                     1248.54         2497.86         3746.40
rep2-none Total                     3808.55         3762.19         7570.74
rep2-none Total                     5633.42         6275.17        11908.59
rep2-none Total                     7397.14         8930.44        16327.59
rep2-none Total                     8962.19        11792.34        20754.53
rep2-none Total                    10932.94        14590.32        25523.26
rep2-none Total                    12186.42        17401.83        29588.25
rep2-none Total                    15209.16        20403.85        35613.01
rep2-none Total                    17132.14        22706.18        39838.31
rep2-none Total                    20094.28        25238.18        45332.46
rep2-none Total                    22670.49        26973.90        49644.39
rep2-none Total                    24435.51        29103.77        53539.28
rep2-none Total                    27535.61        31234.29        58769.89
rep2-none Total                    30944.62        33795.20        64739.82
rep2-none Total                    34985.11        37394.24        72379.35
rep2-none Total                    38438.96        40577.30        79016.26
rep2-none Total                    42951.53        43641.61        86593.14
rep2-none Total                    53431.22        50100.33       103531.55
rep2-none Total                    56850.39        52657.24       109507.64
rep2-mem1 Total                        2.45        13803.29        13805.74
rep2-mem1 Total                        2.45        30861.52        30863.97
rep2-mem1 Total                        2.45        48358.30        48360.75
rep2-mem1 Total                        2.45        65375.81        65378.26
rep2-mem1 Total                        2.45        82660.52        82662.96
rep2-mem1 Total                        2.45        99966.43        99968.88
rep2-mem1 Total                        2.45       108992.06       108994.51
rep2-mem1 Total                        3.06       108076.62       108079.69
rep3-none Total                     5473.45         2622.15         8095.61
rep3-none Total                     8026.21         7951.43        15977.64
rep3-none Total                    15092.61         9488.40        24581.02
rep3-none Total                    20705.29        12951.88        33657.18
rep3-none Total                    30270.35        18667.02        48937.37
rep3-none Total                    38420.68        26181.11        64601.79
rep3-none Total                    46262.92        35446.04        81708.95
rep3-none Total                    48692.77        38755.05        87447.82
rep3-none Total                    50999.71        40682.48        91682.19
rep3-none Total                    53752.06        42767.68        96519.74
rep3-none Total                    55684.20        46164.49       101848.69
rep3-none Total                    59953.95        49571.49       109525.44
rep3-none Total                    57248.55        49095.38       106343.93
rep3-mem1 Total                        2.46        13735.22        13737.69
rep3-mem1 Total                        2.46        31582.69        31585.15
rep3-mem1 Total                        2.46        49599.16        49601.62
rep3-mem1 Total                        2.46        67012.55        67015.01
rep3-mem1 Total                        2.46        84500.47        84502.94
rep3-mem1 Total                        2.46       102187.76       102190.23
rep3-mem1 Total                        3.02       109497.60       109500.62
rep3-mem1 Total                        0.00            0.00            0.00
