Total                    14970.93          427.86        15398.78
Total                    26095.42         1013.21        27108.63
Total                    40992.77         2125.80        43118.57
Total                    53840.79         3740.71        57581.50
Total                    67640.70         5031.00        72671.71
Total                    69603.00        16703.16        86306.16
Total                    69582.02        31222.21       100804.24
Total                    69548.48        45100.67       114649.16
Total                    20126.98         3167.00        23293.98
Total                    65569.94        26442.77        92012.71
Total                    39520.69        27060.54        66581.23
Total                    37528.85        12048.16        49577.01
Total                    69520.74        46183.00       115703.74
Total                     7881.84          459.33         8341.18
Total                    52089.88        24817.86        76907.74
Total                    62732.27        41908.48       104640.75
Total                     4574.18        23549.69        28123.87
Total                    26857.22        68848.23        95705.46
Total                      699.80           14.52          714.31
Total                    50572.58        18633.16        69205.75
Total                    68675.45        45726.90       114402.34
Total                    23506.95         4932.52        28439.46
Total                    67306.41        28657.12        95963.54
Total                    51511.40        38800.28        90311.68
Total                    30946.93         9167.92        40114.85
Total                    69595.05        38539.23       108134.28
Total                      609.98           14.66          624.64
Total                    50433.54        17719.79        68153.32
Total                    69060.14        46296.85       115356.99
Total                    15923.46         4988.47        20911.93
Total                    58237.22        28911.43        87148.65
Total                    39466.94        28092.48        67559.42
Total                    12507.55        40256.35        52763.90
Total                    35016.42        81017.28       116033.70
Total                     8507.76          131.15         8638.91
Total                    57079.32        25607.05        82686.37
Total                    56048.21        40716.33        96764.54
Total                    24773.23        10546.95        35320.18
Total                    66888.33        35501.14       102389.47
Total                    15934.68        10670.41        26605.09
