### BestGPU_uniform_loadfixed.py rep3 start 2026-09-13 13:12:17  gpu_mem_used=0 MiB
/myenv/rapids_env/lib/python3.12/site-packages/cudf/utils/_ptxcompiler.py:64: UserWarning: Error getting driver and runtime versions:

stdout:



stderr:

Traceback (most recent call last):
  File "<string>", line 4, in <module>
  File "/myenv/rapids_env/lib/python3.12/site-packages/numba_cuda/numba/cuda/cudadrv/driver.py", line 325, in safe_cuda_api_call
    return self._check_cuda_python_error(fname, libfn(*args))
                                                ^^^^^^^^^^^^
TypeError: cuDriverGetVersion() takes no arguments (1 given)


Not patching Numba
  warnings.warn(msg, UserWarning)
/myenv/rapids_env/lib/python3.12/site-packages/cudf/utils/_ptxcompiler.py:64: UserWarning: Error getting driver and runtime versions:

stdout:



stderr:

Traceback (most recent call last):
  File "<string>", line 4, in <module>
  File "/myenv/rapids_env/lib/python3.12/site-packages/numba_cuda/numba/cuda/cudadrv/driver.py", line 325, in safe_cuda_api_call
    return self._check_cuda_python_error(fname, libfn(*args))
                                                ^^^^^^^^^^^^
TypeError: cuDriverGetVersion() takes no arguments (1 given)


Not patching Numba
  warnings.warn(msg, UserWarning)
Dask Cluster Initialized: <Client: 'tcp://127.0.0.1:37339' processes=1 threads=1, memory=251.32 GiB>

SSB Benchmark Started: 2026-09-13 13:12:24.348789

========================================
Processing SF1 at 2026-09-13 13:12:24.348835
========================================
Lazily loaded /p/pd/pim/sf1/lineorder.tbl | Partitions: 3
Lazily loaded /p/pd/pim/sf1/date.tbl | Partitions: 1
Lazily loaded /p/pd/pim/sf1/customer.tbl | Partitions: 1
Lazily loaded /p/pd/pim/sf1/supplier.tbl | Partitions: 1
Lazily loaded /p/pd/pim/sf1/part.tbl | Partitions: 1

Joining lineorder ⋈ customer
Join computed in 153504848.4802ns (GPU time), result has 6,001,173 rows
Memory cleaned after lineorder-customer join

Joining lineorder ⋈ date
Join computed in 131447792.0532ns (GPU time), result has 6,001,173 rows
Memory cleaned after lineorder-date join

Joining lineorder ⋈ supplier
Join computed in 102100849.1516ns (GPU time), result has 6,001,173 rows
Memory cleaned after lineorder-supplier join

Joining lineorder ⋈ part
Join computed in 228216886.5204ns (GPU time), result has 6,001,173 rows
Memory cleaned after lineorder-part join

Joining lineorder ⋈ customer
Join computed in 114373445.5109ns (GPU time), result has 6,001,173 rows
Memory cleaned after lineorder-customer join

Completed SF1 processing at 2026-09-13 13:12:30.896053

========================================
Processing SF10 at 2026-09-13 13:12:30.896123
========================================
Lazily loaded /p/pd/pim/sf10/lineorder.tbl | Partitions: 24
Lazily loaded /p/pd/pim/sf10/date.tbl | Partitions: 1
Lazily loaded /p/pd/pim/sf10/customer.tbl | Partitions: 1
Lazily loaded /p/pd/pim/sf10/supplier.tbl | Partitions: 1
Lazily loaded /p/pd/pim/sf10/part.tbl | Partitions: 1

Joining lineorder ⋈ customer
Join computed in 1282527685.1654ns (GPU time), result has 59,986,217 rows
Memory cleaned after lineorder-customer join

Joining lineorder ⋈ date
Join computed in 1704118728.6377ns (GPU time), result has 59,986,217 rows
Memory cleaned after lineorder-date join

Joining lineorder ⋈ supplier
Join computed in 1748759269.7144ns (GPU time), result has 59,986,217 rows
Memory cleaned after lineorder-supplier join

Joining lineorder ⋈ part
Join computed in 1562240362.1674ns (GPU time), result has 59,986,217 rows
Memory cleaned after lineorder-part join

Joining lineorder ⋈ customer
Join computed in 1503355264.6637ns (GPU time), result has 59,986,217 rows
Memory cleaned after lineorder-customer join

Completed SF10 processing at 2026-09-13 13:13:30.163133

========================================
Processing SF100 at 2026-09-13 13:13:30.164009
========================================
Lazily loaded /p/pd/ssb-dbgen/sf100/lineorder.tbl | Partitions: 254
Lazily loaded /p/pd/ssb-dbgen/sf100/date.tbl | Partitions: 1
Lazily loaded /p/pd/ssb-dbgen/sf100/customer.tbl | Partitions: 2
Lazily loaded /p/pd/ssb-dbgen/sf100/supplier.tbl | Partitions: 1
Lazily loaded /p/pd/ssb-dbgen/sf100/part.tbl | Partitions: 1

Joining lineorder ⋈ customer
Join computed in 74186742544.1742ns (GPU time), result has 600,037,902 rows
Memory cleaned after lineorder-customer join

Joining lineorder ⋈ date
Join computed in 66307315826.4160ns (GPU time), result has 600,037,902 rows
Memory cleaned after lineorder-date join

Joining lineorder ⋈ supplier
Join computed in 61709025382.9956ns (GPU time), result has 600,037,902 rows
Memory cleaned after lineorder-supplier join

Joining lineorder ⋈ part
Join computed in 50983585357.6660ns (GPU time), result has 600,037,902 rows
Memory cleaned after lineorder-part join

Joining lineorder ⋈ customer
Join computed in 63425928354.2633ns (GPU time), result has 600,037,902 rows
Memory cleaned after lineorder-customer join

Completed SF100 processing at 2026-09-13 13:25:22.967436
### rep3 end 2026-09-13 13:25:33 rc=0
